// Jest Snapshot v1, https://goo.gl/fbAQLP

exports[`Component render testing Calculator renders correctly 1`] = `
<DocumentFragment>
  <div
    class="wrapper"
  >
    <div
      class="content"
    >
      <h2>
         Lets do some math!
      </h2>
    </div>
    <div
      class="calculator"
    >
      <main>
        <div
          class="container"
        >
          <div
            class="input-data"
          >
            <div
              class="input-data"
            >
              <input
                data-testid="result"
                disabled=""
                id="input"
                name="input-data"
                readonly=""
                type="text"
                value="0"
              />
            </div>
          </div>
          <div
            class="buttons"
          >
            <div
              class="left-side"
            >
              <button
                class="ac"
                type="button"
              >
                AC
              </button>
              <button
                class="plusOrMinus"
                type="button"
              >
                +/-
              </button>
              <button
                class="modelus"
                type="button"
              >
                %
              </button>
              <button
                class="seven"
                type="button"
              >
                7
              </button>
              <button
                class="eight"
                type="button"
              >
                8
              </button>
              <button
                class="nine"
                type="button"
              >
                9
              </button>
              <button
                class="four"
                type="button"
              >
                4
              </button>
              <button
                class="five"
                type="button"
              >
                5
              </button>
              <button
                class="six"
                type="button"
              >
                6
              </button>
              <button
                class="1"
                type="button"
              >
                1
              </button>
              <button
                class="two"
                type="button"
              >
                2
              </button>
              <button
                class="three"
                type="button"
              >
                3
              </button>
              <button
                class="zero"
                type="button"
              >
                0
              </button>
              <button
                class="dot"
                type="button"
              >
                .
              </button>
            </div>
            <div
              class="right-side"
            >
              <button
                class="devid"
                type="button"
              >
                /
              </button>
              <button
                class="times"
                type="button"
              >
                X
              </button>
              <button
                class="minus"
                type="button"
              >
                -
              </button>
              <button
                class="plus"
                type="button"
              >
                +
              </button>
              <button
                class="equal"
                type="button"
              >
                =
              </button>
            </div>
          </div>
        </div>
      </main>
    </div>
  </div>
</DocumentFragment>
`;

exports[`Component render testing Home page renders correctly 1`] = `
<DocumentFragment>
  <div
    class="wrapper"
  >
    <div
      class="title"
    >
      <h2>
        Home
      </h2>
    </div>
    <div
      class="content"
    >
      <div>
        <p>
          Lorem ipsum dolor sit, amet consectetur adipisicing elit. Dolores quo labore rerum sunt debitis vitae odio mollitia neque, accusamus rem optio saepe corporis ipsa necessitatibus eaque, culpa ratione quidem! Repellendus. Lorem ipsum dolor sit, amet consectetur adipisicing elit. Dolores quo labore rerum sunt debitis vitae odio mollitia neque, accusamus rem optio saepe corporis ipsa necessitatibus eaque, culpa ratione quidem! Repellendus.
        </p>
      </div>
      <div>
        <p>
          Lorem ipsum dolor sit, amet consectetur adipisicing elit. Dolores quo labore rerum sunt debitis vitae odio mollitia neque, accusamus rem optio saepe corporis ipsa necessitatibus eaque, culpa ratione quidem! Repellendus. Lorem ipsum dolor sit, amet consectetur adipisicing elit. Dolores quo labore rerum sunt debitis vitae odio mollitia neque, accusamus rem optio saepe corporis ipsa necessitatibus eaque, culpa ratione quidem! Repellendus.
        </p>
      </div>
    </div>
  </div>
</DocumentFragment>
`;

exports[`Component render testing Quote page renders correctly 1`] = `
<DocumentFragment>
  <div>
    Loading...
  </div>
</DocumentFragment>
`;
